workflow        /workspace/comfy-r2gate3/user/default/workflows/OFMTech_NSFW.json
                sha256 a811b5d690ccc5207bc7bd1c626cdd3db3b720b9be60d0a687436efcfd2143d8
object_info     1935 node types registered on the server
boot            4453 ms   15 console/page error(s) before any workflow was opened
first-run modal 1 dialog(s) open on the very first page load of this install:
                  "Templates / All Templates / Popular"
screenshot      results/gate/run3-shipped-final-01-first-run-dialog.png  (894189 B)  — a fresh install opens the stock ComfyUI Templates browser over the UI; the buyer must close it
first-run modal closed the way a buyer does; dialogs still open: 0
open workflow   4565 ms   from the Workflows sidebar   title="OFMTech_NSFW - ComfyUI"
node audit      110 nodes across root + every subgraph, 59 distinct types
                frontend registered_node_types: 1965
                node types NOT registered in the frontend (= red nodes): 0
                node types absent from /object_info (excl. 7 subgraph hosts): 1
                  ABSENT   MarkdownNote
                nodes flagged has_errors: 0
                modal dialogs on screen: 0
                error toasts on screen: 0
minimap         hidden for the canvas screenshots (was true) so it cannot cover a node
fit view        scale=0.2253  framing 17 root-level nodes  canvas=1920,1018
screenshot      results/gate/run3-shipped-final-02-workflow-open-full-canvas.png  (95871 B)  — OFMTech_NSFW opened from the workflow list; 110 nodes, 0 red, 0 dialogs
prompt          typed into the RPG panel on #483 and committed on blur
                textarea now : "photorealistic full body photograph of a young woman with long dark hair standing on a hot"...
                node widget  : prompt_batch_data[0].positive_prompt = "photorealistic full body photograph of a young woman with long dark hair standing on a hot"...
screenshot      results/gate/run3-shipped-final-03-prompt-entered.png  (235462 B)  — the prompt typed into the panel on #483 "1 · YOUR PROMPTS & SEED"
lora            #618 SDXL stack: lora_01 = "lunaskye.safetensors"  (clicked in the widget's own menu)
lora            #116 Z-Image stack: lora_01 = "luna.safetensors"  (clicked in the widget's own menu)
screenshot      results/gate/run3-shipped-final-04-both-lora-stacks.png  (220601 B)  — #618 lora_01=lunaskye.safetensors  #116 lora_01=luna.safetensors  (both read back from the graph; #483 collapsed=true for this frame only)
panel           #483 collapsed for the LoRA frame, restored afterwards (collapsed now: false; prompt panel visible again: false)
press Run       the real Run button, label="Run"
prompt accepted HTTP 200  prompt_id=ae0c3573-c5c8-4b5c-9d11-66da44b01b23  api graph 88 nodes  (1242 ms after the click)
screenshot      results/gate/run3-shipped-final-05-run-submitted.png  (103362 B)  — prompt ae0c3573-c5c8-4b5c-9d11-66da44b01b23 accepted, 88-node API graph
  ...waiting    0s   ours_running=true  last node: "620:110"
  ...waiting    61s   ours_running=true  last node: "619:617"
  ...waiting    122s   ours_running=true  last node: "619:617"
screenshot      results/gate/run3-shipped-final-06-selector-popup.png  (873222 B)  — #603 INSTARAW_ImageFilter paused the render with 1 image(s) — the buyer must choose
  selector      1 image(s); Send on open=true, after clicking #0=false, after clicking it again=true
screenshot      results/gate/run3-shipped-final-07-selector-image-picked.png  (874789 B)  — image #0 of 1 selected; Send enabled
  selector      Send pressed at 132s into the render
  ...waiting    184s   ours_running=true  last node: "587:98"
  ...waiting    244s   ours_running=true  last node: "587:98"
render          293s wall (queue included)
  output        OK   /workspace/comfy-r2gate3/output/Instaraw/SDXL/Metadata/HasMetadata_00001_.png  11142035 B  [node 505]
screenshot      results/gate/run3-shipped-final-08-render-complete.png  (253439 B)  — the moment the render finished, as the buyer sees it
screenshot      results/gate/run3-shipped-final-09-final-image-on-canvas.png  (553615 B)  — the finished image on #505 "YOUR IMAGE — saved to output/Instaraw/"
screenshot      results/gate/run3-shipped-final-10-final-image-feed.png  (555144 B)  — the finished image in the ComfyUI image feed
page errors     15 during boot, 7 after the workflow was opened
                  console.error: Failed to load resource: the server responded with a status of 404 (Not Found)
                  console.error: Failed to load resource: the server responded with a status of 404 (Not Found)
                  console.error: Failed to load resource: the server responded with a status of 404 (Not Found)
                  console.error: Failed to load resource: the server responded with a status of 404 (Not Found)
                  console.error: Failed to load resource: the server responded with a status of 404 (Not Found)
                  console.error: Failed to load resource: the server responded with a status of 404 (Not Found)
                  console.error: Failed to load resource: the server responded with a status of 404 (Not Found)
