Setting output directory to: /workspace/nsfw-quality/results/closing/fresh7/render

Prestartup times for custom nodes:
   0.0 seconds: /workspace/comfy-fresh7/custom_nodes/rgthree-comfy

WARNING: You need pytorch with cu130 or higher to use optimized CUDA operations.
Found comfy_kitchen backend cuda: {'available': True, 'disabled': True, 'unavailable_reason': None, 'capabilities': ['apply_rope', 'apply_rope1', 'dequantize_nvfp4', 'dequantize_per_tensor_fp8', 'quantize_nvfp4', 'quantize_per_tensor_fp8']}
Found comfy_kitchen backend eager: {'available': True, 'disabled': False, 'unavailable_reason': None, 'capabilities': ['apply_rope', 'apply_rope1', 'dequantize_nvfp4', 'dequantize_per_tensor_fp8', 'quantize_nvfp4', 'quantize_per_tensor_fp8', 'scaled_mm_nvfp4']}
Found comfy_kitchen backend triton: {'available': True, 'disabled': True, 'unavailable_reason': None, 'capabilities': ['apply_rope', 'apply_rope1', 'dequantize_nvfp4', 'dequantize_per_tensor_fp8', 'quantize_nvfp4', 'quantize_per_tensor_fp8']}
Checkpoint files will always be loaded safely.
Total VRAM 97250 MB, total RAM 126401 MB
pytorch version: 2.9.1+cu128
xformers version: 0.0.33.post2
Set vram state to: NORMAL_VRAM
Device: cuda:0 NVIDIA RTX PRO 6000 Blackwell Server Edition : cudaMallocAsync
Using async weight offloading with 2 streams
Enabled pinned memory 120081.0
working around nvidia conv3d memory bug.
Using xformers attention
/venv/main/lib/python3.12/site-packages/requests/__init__.py:113: RequestsDependencyWarning: urllib3 (2.6.3) or chardet (6.0.0.post1)/charset_normalizer (3.4.4) doesn't match a supported version!
  warnings.warn(
Python version: 3.12.12 | packaged by conda-forge | (main, Oct 22 2025, 23:25:55) [GCC 14.3.0]
ComfyUI version: 0.15.1
ComfyUI frontend version: 1.39.19
[Prompt Server] web root: /venv/main/lib/python3.12/site-packages/comfyui_frontend_package/static
### Loading: ComfyUI-Impact-Pack (V8.28.3)
[Impact Pack] Wildcard total size (0.00 MB) is within cache limit (50.00 MB). Using full cache mode.
[Impact Pack] Wildcards loading done.
### Loading: ComfyUI-Impact-Subpack (V1.3.5)
[Impact Pack/Subpack] Using folder_paths to determine whitelist path: /workspace/comfy-fresh7/user/default/ComfyUI-Impact-Subpack/model-whitelist.txt
[Impact Pack/Subpack] Ensured whitelist directory exists: /workspace/comfy-fresh7/user/default/ComfyUI-Impact-Subpack
[Impact Pack/Subpack] Loaded 3 model(s) from whitelist: /workspace/comfy-fresh7/user/default/ComfyUI-Impact-Subpack/model-whitelist.txt
[Impact Subpack] ultralytics_bbox: /workspace/comfy-fresh7/models/ultralytics/bbox
[Impact Subpack] ultralytics_segm: /workspace/comfy-fresh7/models/ultralytics/segm
[36;20m[/workspace/comfy-fresh7/custom_nodes/comfyui_controlnet_aux] | INFO -> Using ckpts path: /workspace/comfy-fresh7/custom_nodes/comfyui_controlnet_aux/ckpts[0m
[36;20m[/workspace/comfy-fresh7/custom_nodes/comfyui_controlnet_aux] | INFO -> Using symlinks: False[0m
[36;20m[/workspace/comfy-fresh7/custom_nodes/comfyui_controlnet_aux] | INFO -> Using ort providers: ['CUDAExecutionProvider', 'DirectMLExecutionProvider', 'OpenVINOExecutionProvider', 'ROCMExecutionProvider', 'CPUExecutionProvider', 'CoreMLExecutionProvider'][0m
/workspace/comfy-fresh7/custom_nodes/ComfyUI_essentials/conditioning.py:234: SyntaxWarning: invalid escape sequence '\.'
  double_blocks\.0\.(img|txt)_(mod|attn|mlp)\.(lin|qkv|proj|0|2)\.(weight|bias)=1.1
Original USDU script not found, downloading it from https://github.com/Coyote-A/ultimate-upscale-for-automatic1111
Original USDU script downloaded successfully
USDU batch patches applied successfully.
USDU batch patches applied successfully.

Import times for custom nodes:
   0.0 seconds: /workspace/comfy-fresh7/custom_nodes/rgthree-comfy
   0.0 seconds: /workspace/comfy-fresh7/custom_nodes/ComfyUI_essentials
   0.0 seconds: /workspace/comfy-fresh7/custom_nodes/comfyui_controlnet_aux
   0.1 seconds: /workspace/comfy-fresh7/custom_nodes/ComfyUI_INSTARAW
   0.1 seconds: /workspace/comfy-fresh7/custom_nodes/ComfyUI-Impact-Pack
   0.1 seconds: /workspace/comfy-fresh7/custom_nodes/ComfyUI-Impact-Subpack
   0.6 seconds: /workspace/comfy-fresh7/custom_nodes/ComfyUI_UltimateSDUpscale

Context impl SQLiteImpl.
Will assume non-transactional DDL.
Context impl SQLiteImpl.
Will assume non-transactional DDL.
Running upgrade  -> 0001_assets, Initial assets schema
Revision ID: 0001_assets
Revises: None
Create Date: 2025-12-10 00:00:00
Database upgraded from None to 0001_assets
Assets scan(roots=['models']) completed in 0.031s (created=61, skipped_existing=0, orphans_pruned=0, total_seen=74)
Starting server

To see the GUI go to: http://127.0.0.1:31980
[DEPRECATION WARNING] Detected import of deprecated legacy API: /scripts/ui.js. This is likely caused by a custom node extension using outdated APIs. Please update your extensions or contact the extension author for an updated version.
[DEPRECATION WARNING] Detected import of deprecated legacy API: /extensions/core/clipspace.js. This is likely caused by a custom node extension using outdated APIs. Please update your extensions or contact the extension author for an updated version.
