workflow        /workspace/ComfyUI/user/default/workflows/OFMTech_NSFW.json
                sha256 4741960602085c6277eecd5f3d25e8e023e71df842c5987714886ef2fca30d4b
object_info     1936 node types registered on the server
boot            4620 ms   44 console/page error(s) before any workflow was opened
open workflow   4542 ms   from the Workflows sidebar   title="OFMTech_NSFW - ComfyUI"
node audit      102 nodes across root + every subgraph, 61 distinct types
                frontend registered_node_types: 1952
                node types NOT registered in the frontend (= red nodes): 0
                node types absent from /object_info (excl. 6 subgraph hosts): 1
                  ABSENT   MarkdownNote
                nodes flagged has_errors: 0
                modal dialogs on screen: 0
                error toasts on screen: 0
minimap         hidden for the canvas screenshots (was false) so it cannot cover a node
fit view        scale=0.2253  framing 16 root-level nodes  canvas=1920,1018
screenshot      results/run3/gates/r3gate-103tok-01-workflow-open-full-canvas.png  (97210 B)  — OFMTech_NSFW opened from the workflow list; 102 nodes, 0 red, 0 dialogs
prompt          typed into the RPG panel on #483 and committed on blur
                textarea now : "photorealistic full body photograph of a young woman with long dark hair standing on a hot"...
                node widget  : prompt_batch_data[0].positive_prompt = "photorealistic full body photograph of a young woman with long dark hair standing on a hot"...
screenshot      results/run3/gates/r3gate-103tok-02-prompt-entered.png  (238010 B)  — the prompt typed into the panel on #483 "1 · YOUR PROMPTS & SEED"
lora            #618 SDXL stack: lora_01 = "lunaskye.safetensors"  (clicked in the widget's own menu)
lora            #116 Z-Image stack: lora_01 = "luna.safetensors"  (clicked in the widget's own menu)
screenshot      results/run3/gates/r3gate-103tok-03-both-lora-stacks.png  (217010 B)  — #618 lora_01=lunaskye.safetensors  #116 lora_01=luna.safetensors  (both read back from the graph; #483 collapsed=true for this frame only)
panel           #483 collapsed for the LoRA frame, restored afterwards (collapsed now: false; prompt panel visible again: false)
face prompt     #620 as shipped: collapsed=false
screenshot      results/run3/gates/r3gate-103tok-04-face-host-as-shipped.png  (208551 B)  — #620 "5 · Face & Mouth Detail" as the workflow ships it — collapsed=false
face prompt     "106: text" is a customtext DOM widget, visible=true
face prompt     entered the subgraph: isRoot=false, "5. Face & Mouth Detail (Z-Image)", 13 nodes, breadcrumb=["OFMTech_NSFW","5. Face & Mouth Detail (Z-Image)"]
face prompt     framed #106 inside the subgraph (scale 1.000)
face prompt     read back from #106 CLIPTextEncode "Face Detailer Prompt" inside "5. Face & Mouth Detail (Z-Image)":
                "a woman's face the the the the the the the the the the the the the the the the t"...
face prompt     promoted widget reads: "a woman's face the the the the the the the the the the the the the the the the t"...
screenshot      results/run3/gates/r3gate-103tok-05-face-prompt-on-node-106.png  (398439 B)  — #106 "Face Detailer Prompt" inside "5. Face & Mouth Detail (Z-Image)", carrying: "a woman's face the the the the the the the the the the the the the the the the the the the the the the the the…"
face prompt     back out via the breadcrumb: isRoot=true
press Run       the real Run button, label="Run"
prompt accepted HTTP 200  prompt_id=77ac95d6-3eda-4c31-85fa-9eac79fb435e  api graph 92 nodes  (1240 ms after the click)
screenshot      results/run3/gates/r3gate-103tok-06-run-submitted.png  (102558 B)  — prompt 77ac95d6-3eda-4c31-85fa-9eac79fb435e accepted, 92-node API graph
  ...waiting    0s   ours_running=true  last node: "619:592"
  ...waiting    60s   ours_running=true  last node: "619:617"
screenshot      results/run3/gates/r3gate-103tok-07-selector-popup.png  (873229 B)  — #603 INSTARAW_ImageFilter paused the render with 1 image(s) — the buyer must choose
  selector      1 image(s); Send on open=false, after clicking #0=true
screenshot      results/run3/gates/r3gate-103tok-08-selector-image-picked.png  (874156 B)  — image #0 of 1 selected; Send enabled
  selector      Send pressed at 89s into the render
  ...waiting    122s   ours_running=true  last node: "587:98"
  ...waiting    182s   ours_running=true  last node: "587:98"
render          224s wall (queue included)
  output        OK   /workspace/ComfyUI/output/Instaraw/SDXL/Metadata/HasMetadata_00217_.png  11122262 B  [node 505]
screenshot      results/run3/gates/r3gate-103tok-09-render-complete.png  (252265 B)  — the moment the render finished, as the buyer sees it
screenshot      results/run3/gates/r3gate-103tok-10-final-image-on-canvas.png  (493617 B)  — the finished image on #505 "YOUR IMAGE — saved to output/Instaraw/"
screenshot      results/run3/gates/r3gate-103tok-11-final-image-feed.png  (495117 B)  — the finished image in the ComfyUI image feed
page errors     44 during boot, 1 after the workflow was opened
                  console.error: Failed to load resource: the server responded with a status of 404 (Not Found)
