[A3_C1_fisherman_w17] submitted 185cb8f6-1890-4bfa-b216-88b9b4fea7c7 cid=trackA-A3_C1_fisherman_w17-23f123ce queue_before=(0,0) vram_free=58.9GiB
[A3_C1_fisherman_w17] success exec=79.9s cached=0 err=None  imgs=['tap163_00022_.png', 'HasMetadata_00077_.png']
[A3_C2_gardener_w17] submitted c71446c4-68eb-4c68-a4cf-63a9d00d7188 cid=trackA-A3_C2_gardener_w17-87c4c49c queue_before=(0,0) vram_free=51.9GiB
[A3_C2_gardener_w17] error exec=41.5s cached=0 err=622:403 RuntimeError: min(): Expected reduction dim to be specified for input.numel() == imgs=['tap163_00023_.png']
[CTL_placeholder_after_A3_C2_gardener_w17] submitted a301d88c-fe9a-409a-ab74-dff155705b30 cid=trackA-CTL_placeholder_after_A3_C2_gardener_w17-a4b0c3e8 queue_before=(0,0) vram_free=79.6GiB
[CTL_placeholder_after_A3_C2_gardener_w17] success exec=81.4s cached=0 err=None  imgs=['tap163_00024_.png', 'HasMetadata_00078_.png']
[A3_C3_locomotive_w17] submitted 719863c8-1fe1-40f0-b68c-a8a201834b2e cid=trackA-A3_C3_locomotive_w17-4df66d88 queue_before=(0,0) vram_free=59.5GiB
[A3_C3_locomotive_w17] success exec=83.7s cached=0 err=None  imgs=['tap163_00025_.png', 'HasMetadata_00079_.png']
[A3_C4_committee_w17] submitted a69e50d1-972b-4f41-925f-c31c0717417b cid=trackA-A3_C4_committee_w17-70498812 queue_before=(0,0) vram_free=59.1GiB
[A3_C4_committee_w17] success exec=75.1s cached=0 err=None  imgs=['tap163_00026_.png', 'HasMetadata_00080_.png']
[A3_swap_fine] submitted ac2c390f-03c5-4058-9487-6af06a18d175 cid=trackA-A3_swap_fine-5e2cebb2 queue_before=(0,0) vram_free=50.5GiB
[A3_swap_fine] error exec=49.6s cached=0 err=622:403 RuntimeError: min(): Expected reduction dim to be specified for input.numel() == imgs=['tap163_00027_.png']
[CTL_placeholder_after_A3_swap_fine] submitted 4a316d80-e751-426e-b895-e327b49a8568 cid=trackA-CTL_placeholder_after_A3_swap_fine-180065c0 queue_before=(0,0) vram_free=54.7GiB
[CTL_placeholder_after_A3_swap_fine] success exec=71.4s cached=0 err=None  imgs=['tap163_00028_.png', 'HasMetadata_00081_.png']
[A3_swap_Tuesday] submitted 8e988367-7988-4604-a269-1ddd42c6e28a cid=trackA-A3_swap_Tuesday-e9ce113f queue_before=(0,0) vram_free=64.6GiB
[A3_swap_Tuesday] error exec=57.3s cached=0 err=622:403 RuntimeError: min(): Expected reduction dim to be specified for input.numel() == imgs=['tap163_00029_.png']
[CTL_placeholder_after_A3_swap_Tuesday] submitted a7422bc8-2350-43d5-8e10-550689750d37 cid=trackA-CTL_placeholder_after_A3_swap_Tuesday-e96bca60 queue_before=(0,0) vram_free=64.0GiB
[CTL_placeholder_after_A3_swap_Tuesday] success exec=112.2s cached=0 err=None  imgs=['tap163_00030_.png', 'HasMetadata_00082_.png']
[A3_swap_obvious] submitted 164d181c-5446-4915-9931-c9af9bfdd3ee cid=trackA-A3_swap_obvious-595d7dd3 queue_before=(0,0) vram_free=73.8GiB
[A3_swap_obvious] error exec=52.9s cached=0 err=622:403 RuntimeError: min(): Expected reduction dim to be specified for input.numel() == imgs=['tap163_00031_.png']
[CTL_placeholder_after_A3_swap_obvious] submitted 064939cf-f022-44a5-b271-eda099959b9d cid=trackA-CTL_placeholder_after_A3_swap_obvious-44712035 queue_before=(0,0) vram_free=53.3GiB
[CTL_placeholder_after_A3_swap_obvious] success exec=68.5s cached=0 err=None  imgs=['tap163_00032_.png', 'HasMetadata_00083_.png']
[REP_w17] submitted 4aeb190f-5884-488b-b15d-cd53396ea687 cid=trackA-REP_w17-caabbc61 queue_before=(0,0) vram_free=38.6GiB
[REP_w17] error exec=67.6s cached=0 err=622:403 RuntimeError: min(): Expected reduction dim to be specified for input.numel() == imgs=['tap163_00033_.png']
[CTL_placeholder_after_REP_w17] submitted 5a79057f-6d48-4a97-a9b2-f5e400061699 cid=trackA-CTL_placeholder_after_REP_w17-45144389 queue_before=(0,0) vram_free=39.7GiB
[CTL_placeholder_after_REP_w17] error exec=56.7s cached=16 err=622:403 RuntimeError: min(): Expected reduction dim to be specified for input.numel() == imgs=['tap163_00034_.png']
!!! HEALTH CONTROL FAILED -- stopping
[TAP114_w17] submitted 832b6a74-4b61-456e-92ae-d235203c8422 cid=trackA-TAP114_w17-a54c7be8 queue_before=(0,0) vram_free=57.0GiB
[TAP114_w17] success exec=101.8s cached=0 err=None  imgs=['tap114_00001_.png', 'tap163_00035_.png']
[TAP114_placeholder] submitted 8c9c0e31-db5c-4b75-88d8-d35252d6502a cid=trackA-TAP114_placeholder-cf727bf2 queue_before=(0,0) vram_free=46.9GiB
[TAP114_placeholder] success exec=128.8s cached=0 err=None  imgs=['tap114_00002_.png', 'tap163_00036_.png']
follow-up done
