[L_w01] submitted e1bc802e-aa98-4e6e-a879-ae0cb7699e06 cid=trackA-L_w01-a81134c0 queue_before=(0,0) vram_free=57.8GiB
[L_w01] success exec=83.3s cached=0 err=None  imgs=['tap163_00003_.png', 'HasMetadata_00061_.png']
[L_w02] submitted 19a9ddb5-2c4d-4144-b578-acc03c05f83a cid=trackA-L_w02-4407dbdd queue_before=(0,0) vram_free=52.0GiB
[L_w02] success exec=61.7s cached=0 err=None  imgs=['tap163_00004_.png', 'HasMetadata_00062_.png']
[L_w03] submitted 20f74567-7dd1-492d-9e6f-bb6222706eb7 cid=trackA-L_w03-37cdd58c queue_before=(0,0) vram_free=66.3GiB
[L_w03] success exec=78.7s cached=0 err=None  imgs=['tap163_00005_.png', 'HasMetadata_00063_.png']
[L_w04] submitted 60f32dfc-f4b7-4199-ae3c-fee4a2d1b9a5 cid=trackA-L_w04-9097e9fe queue_before=(0,0) vram_free=65.3GiB
[L_w04] success exec=73.3s cached=0 err=None  imgs=['tap163_00006_.png', 'HasMetadata_00064_.png']
[L_w06] submitted 572d2e9e-75c3-4064-abde-777776faeb4a cid=trackA-L_w06-9da426cc queue_before=(0,0) vram_free=55.8GiB
[L_w06] success exec=71.4s cached=0 err=None  imgs=['tap163_00007_.png', 'HasMetadata_00065_.png']
[L_w08] submitted ab70ad85-b7a9-465e-9473-b13c6f0de022 cid=trackA-L_w08-2ffbbd12 queue_before=(0,0) vram_free=55.4GiB
[L_w08] success exec=53.9s cached=0 err=None  imgs=['tap163_00008_.png', 'HasMetadata_00066_.png']
[L_w12] submitted a3203c74-0bc5-4f50-b006-a4cec3f56460 cid=trackA-L_w12-7cf7e063 queue_before=(0,0) vram_free=54.7GiB
[L_w12] success exec=74.9s cached=0 err=None  imgs=['tap163_00009_.png', 'HasMetadata_00067_.png']
[L_w16] submitted 5901322d-016a-4790-ad36-ed92d833fb7f cid=trackA-L_w16-1274bfe0 queue_before=(0,0) vram_free=61.3GiB
[L_w16] success exec=77.6s cached=0 err=None  imgs=['tap163_00010_.png', 'HasMetadata_00068_.png']
[L_w24] submitted ee211b4e-c623-4060-8e94-9d9ee52bf17f cid=trackA-L_w24-2bf0f006 queue_before=(0,0) vram_free=58.3GiB
[L_w24] error exec=56.7s cached=0 err=622:403 RuntimeError: min(): Expected reduction dim to be specified for input.numel() == imgs=['tap163_00011_.png']
[CTL_placeholder_after_w24] submitted 88c2e96f-a527-442b-aeb5-891eaecb6908 cid=trackA-CTL_placeholder_after_w24-10e405b3 queue_before=(0,0) vram_free=55.7GiB
[CTL_placeholder_after_w24] success exec=69.3s cached=0 err=None  imgs=['tap163_00012_.png', 'HasMetadata_00069_.png']
ladder done
[L_w17] submitted 43870c71-3563-4132-bfbe-b3cd8440e8ab cid=trackA-L_w17-69bc2923 queue_before=(0,0) vram_free=54.9GiB
[L_w17] error exec=56.9s cached=0 err=622:403 RuntimeError: min(): Expected reduction dim to be specified for input.numel() == imgs=['tap163_00013_.png']
[CTL_placeholder_after_w17] submitted 26550005-e817-48e8-8db5-c9996ff0f451 cid=trackA-CTL_placeholder_after_w17-804bfcbd queue_before=(0,0) vram_free=61.2GiB
[CTL_placeholder_after_w17] success exec=79.7s cached=0 err=None  imgs=['tap163_00014_.png', 'HasMetadata_00070_.png']
[L_w18] submitted 91fb3cbb-f66b-424c-b3c8-ca3d64a56a66 cid=trackA-L_w18-f8dd32af queue_before=(0,0) vram_free=60.3GiB
[L_w18] error exec=62.1s cached=0 err=622:403 RuntimeError: min(): Expected reduction dim to be specified for input.numel() == imgs=['tap163_00015_.png']
[CTL_placeholder_after_w18] submitted 0b7a90f7-a14c-4761-a7c9-36d0ab4d3b3d cid=trackA-CTL_placeholder_after_w18-68330a55 queue_before=(0,0) vram_free=66.8GiB
[CTL_placeholder_after_w18] success exec=80.6s cached=0 err=None  imgs=['tap163_00016_.png', 'HasMetadata_00071_.png']
[L_w19] submitted 88cb5e94-56cf-4ccb-ad6d-d126953b63bc cid=trackA-L_w19-35a8a7f8 queue_before=(0,0) vram_free=54.5GiB
[L_w19] success exec=61.5s cached=0 err=None  imgs=['tap163_00017_.png', 'HasMetadata_00072_.png']
[L_w20] submitted 6e284102-bfbb-470d-b038-95fca0abc442 cid=trackA-L_w20-fd1560a2 queue_before=(0,0) vram_free=63.7GiB
[L_w20] success exec=75.2s cached=0 err=None  imgs=['tap163_00018_.png', 'HasMetadata_00073_.png']
[L_w21] submitted fe20c212-383e-421c-88de-fc17256576f1 cid=trackA-L_w21-403c1aea queue_before=(0,0) vram_free=64.8GiB
[L_w21] success exec=76.1s cached=0 err=None  imgs=['tap163_00019_.png', 'HasMetadata_00074_.png']
[L_w22] submitted c2e847c0-22f9-4053-a238-7259b4df7645 cid=trackA-L_w22-5bd2970b queue_before=(0,0) vram_free=66.7GiB
[L_w22] success exec=81.8s cached=0 err=None  imgs=['tap163_00020_.png', 'HasMetadata_00075_.png']
[L_w23] submitted 568d2865-fbf1-4412-807c-51aac4736199 cid=trackA-L_w23-5e1e4c09 queue_before=(0,0) vram_free=55.0GiB
[L_w23] success exec=60.1s cached=0 err=None  imgs=['tap163_00021_.png', 'HasMetadata_00076_.png']
ladder done
