
[1;36m=== AIOFM · OFMTech NSFW — bootstrap ===[0m

  using HF_TOKEN from the environment
  downloading the pack from msit270/AIOFM-Pack …
  % Total    % Received % Xferd  Average Speed   Time    Time     Time  Current
                                 Dload  Upload   Total   Spent    Left  Speed
  0     0    0     0    0     0      0      0 --:--:-- --:--:-- --:--:--     0100 7962k  100 7962k    0     0   859M      0 --:--:-- --:--:-- --:--:--  863M
  downloaded 7.8M
  unpacked to /workspace/fresh-pack/AIOFMTech-NSFW

  handing over to the installer in /workspace/fresh-pack/AIOFMTech-NSFW

==========================================
  AIOFM · OFM Tech NSFW — setup
  ComfyUI dir: /workspace/comfy-fresh
==========================================
  Built for this template:
  https://cloud.vast.ai/?ref_id=638421&creator_id=638421&name=AIOFM%20ComfyUI


[1/14] Environment
    GPU: NVIDIA RTX PRO 6000 Blackwell Max-Q Workstation Edition, 97887 MiB, 595.45.04
    torch: 2.9.1+cu128 | cuda: 12.8

      disk before:
overlay         410G  208G  203G  51% /


[2/14] Download accelerators
      RAM: 1133G total, 763G available  ->  workers: 12
      ✓ SageAttention already installed


[3/14] onnxruntime / CUDA
      ✓ onnxruntime matches torch CUDA
      ✓ CUDA library paths registered (ldconfig)


[4/14] ComfyUI core version
      ✓ ComfyUI core 0.15.1 @ 3dd10a59 (validated)
      ✓ CLIPLoader supports the 'device' input (black-face fix will apply)


[5/14] ComfyUI frontend (pinned 1.39.19)
      ✓ comfyui-frontend-package already 1.39.19

[6/14] Downloading models (msit270/AIOFM-Pack, profile: all)
      asking the Hub how much there is to fetch...
      179.5 GB total, 724 MB still to download
      ✓ already up to date — nothing to download
>>> models/detection
>>> models/checkpoints
>>> models/clip_vision
>>> models/diffusion_models
>>> models/loras
>>> models/sam3
>>> models/text_encoders
>>> models/ultralytics
    bbox: done
>>> models/sams
>>> models/upscale_models
>>> models/vae


[7/14] Custom nodes (pinned)
      ✓ ComfyUI-WanVideoWrapper @ 088128b
      ✓ ComfyUI-KJNodes @ 4d46ac1
      ✓ ComfyUI-VideoHelperSuite @ 4ee72c0
      ✓ ComfyUI-WanAnimatePreprocess @ 0e0b6a2
      ✓ ComfyUI-segment-anything-2 @ 0c35fff
      ✓ ComfyUI-Frame-Interpolation @ 26545cc
      ✓ rgthree-comfy @ 6b76ee6
      ✓ ComfyUI-Easy-Use @ 595e073
      ✓ ComfyMath @ c011772
      ✓ comfyui-propost @ df6a6d1
      ✓ ComfyUI-Custom-Scripts @ 609f3af
      ✓ ComfyUI_Swwan @ 258a15e
      ✓ ComfyUI-Impact-Pack @ 429d015
      ✓ ComfyUI-Impact-Subpack @ 50c7b71
      ✓ comfyui_controlnet_aux @ 95a13e2
      ✓ ComfyUI_IPAdapter_plus @ a0f451a
      ✓ ComfyUI_essentials @ 9d9f4be
      ✓ ComfyUI_UltimateSDUpscale @ a5547db
      ✓ ofmtechclip cloned
      ✓ ComfyUI_INSTARAW vendored @ 12afb909 (provenance marker)


[8/14] Custom node dependencies
      ✓ ComfyUI-WanVideoWrapper
      ✓ ComfyUI-KJNodes
      ✓ ComfyUI-VideoHelperSuite
      ✓ ComfyUI-WanAnimatePreprocess
      ✓ ComfyUI-Frame-Interpolation
      ✓ ComfyUI-Easy-Use
      ✓ comfyui-propost
      ✓ ComfyUI_Swwan
      ✓ ComfyUI-Impact-Pack
      ✓ ComfyUI-Impact-Subpack
      ✓ comfyui_controlnet_aux
      ✓ ComfyUI_essentials
      ✓ ComfyUI_INSTARAW
      ✓ mediapipe==0.10.14 already satisfied
      ✓ opencv-python-headless==4.10.0.84 already satisfied
      ✓ mediapipe exposes mp.solutions (controlnet_aux face mesh will load)

[9/14] Render-time models (RIFE, SAM2)

     0K .......... .......... .......... .......... ..........  0% 6.79M 3s
    50K .......... .......... .......... .......... ..........  0% 7.23M 3s
   100K .......... .......... .......... .......... ..........  0% 45.0M 2s
   150K .......... .......... .......... .......... ..........  0% 32.7M 2s
   200K .......... .......... .......... .......... ..........  1% 46.5M 1s
   250K .......... .......... .......... .......... ..........  1% 12.5M 1s
   300K .......... .......... .......... .......... ..........  1% 53.4M 1s
   350K .......... .......... .......... .......... ..........  1% 38.2M 1s
   400K .......... .......... .......... .......... ..........  2%  120M 1s
   450K .......... .......... .......... .......... ..........  2%  130M 1s
   500K .......... .......... .......... .......... ..........  2% 90.9M 1s
   550K .......... .......... .......... .......... ..........  2% 14.6M 1s
   600K .......... .......... .......... .......... ..........  3%  164M 1s
   650K .......... .......... .......... .......... ..........  3% 72.8M 1s
   700K .......... .......... .......... .......... ..........  3%  118M 1s
   750K .......... .......... .......... .......... ..........  3% 49.5M 1s
   800K .......... .......... .......... .......... ..........  4%  162M 1s
   850K .......... .......... .......... .......... ..........  4%  174M 1s
   900K .......... .......... .......... .......... ..........  4%  158M 1s
   950K .......... .......... .......... .......... ..........  4%  164M 1s
  1000K .......... .......... .......... .......... ..........  5%  158M 1s
  1050K .......... .......... .......... .......... ..........  5%  171M 1s
  1100K .......... .......... .......... .......... ..........  5%  127M 1s
  1150K .......... .......... .......... .......... ..........  5% 19.9M 1s
  1200K .......... .......... .......... .......... ..........  5%  155M 1s
  1250K .......... .......... .......... .......... ..........  6%  173M 1s
  1300K .......... .......... .......... .......... ..........  6%  180M 1s
  1350K .......... .......... .......... .......... ..........  6%  157M 1s
  1400K .......... .......... .......... .......... ..........  6%  165M 0s
  1450K .......... .......... .......... .......... ..........  7%  173M 0s
  1500K .......... .......... .......... .......... ..........  7%  129M 0s
  1550K .......... .......... .......... .......... ..........  7%  173M 0s
  1600K .......... .......... .......... .......... ..........  7%  176M 0s
  1650K .......... .......... .......... .......... ..........  8%  176M 0s
  1700K .......... .......... .......... .......... ..........  8%  157M 0s
  1750K .......... .......... .......... .......... ..........  8%  174M 0s
  1800K .......... .......... .......... .......... ..........  8%  143M 0s
  1850K .......... .......... .......... .......... ..........  9%  140M 0s
  1900K .......... .......... .......... .......... ..........  9%  127M 0s
  1950K .......... .......... .......... .......... ..........  9%  178M 0s
  2000K .......... .......... .......... .......... ..........  9%  168M 0s
  2050K .......... .......... .......... .......... .......... 10%  175M 0s
  2100K .......... .......... .......... .......... .......... 10%  177M 0s
  2150K .......... .......... .......... .......... .......... 10%  174M 0s
  2200K .......... .......... .......... .......... .......... 10%  168M 0s
  2250K .......... .......... .......... .......... .......... 11%  138M 0s
  2300K .......... .......... .......... .......... .......... 11%  167M 0s
  2350K .......... .......... .......... .......... .......... 11%  144M 0s
  2400K .......... .......... .......... .......... .......... 11%  162M 0s
  2450K .......... .......... .......... .......... .......... 11%  153M 0s
  2500K .......... .......... .......... .......... .......... 12%  141M 0s
  2550K .......... .......... .......... .......... .......... 12%  137M 0s
  2600K .......... .......... .......... .......... .......... 12%  162M 0s
  2650K .......... .......... .......... .......... .......... 12%  123M 0s
  2700K .......... .......... .......... .......... .......... 13%  146M 0s
  2750K .......... .......... .......... .......... .......... 13%  154M 0s
  2800K .......... .......... .......... .......... .......... 13%  137M 0s
  2850K .......... .......... .......... .......... .......... 13%  146M 0s
  2900K .......... .......... .......... .......... .......... 14%  138M 0s
  2950K .......... .......... .......... .......... .......... 14%  145M 0s
  3000K .......... .......... .......... .......... .......... 14%  142M 0s
  3050K .......... .......... .......... .......... .......... 14%  130M 0s
  3100K .......... .......... .......... .......... .......... 15%  175M 0s
  3150K .......... .......... .......... .......... .......... 15%  178M 0s
  3200K .......... .......... .......... .......... .......... 15%  181M 0s
  3250K .......... .......... .......... .......... .......... 15%  175M 0s
  3300K .......... .......... .......... .......... .......... 16%  180M 0s
  3350K .......... .......... .......... .......... .......... 16%  172M 0s
  3400K .......... .......... .......... .......... .......... 16%  171M 0s
  3450K .......... .......... .......... .......... .......... 16%  127M 0s
  3500K .......... .......... .......... .......... .......... 17%  149M 0s
  3550K .......... .......... .......... .......... .......... 17%  140M 0s
  3600K .......... .......... .......... .......... .......... 17%  138M 0s
  3650K .......... .......... .......... .......... .......... 17%  146M 0s
  3700K .......... .......... .......... .......... .......... 17%  175M 0s
  3750K .......... .......... .......... .......... .......... 18%  156M 0s
  3800K .......... .......... .......... .......... .......... 18%  184M 0s
  3850K .......... .......... .......... .......... .......... 18%  138M 0s
  3900K .......... .......... .......... .......... .......... 18%  162M 0s
  3950K .......... .......... .......... .......... .......... 19%  171M 0s
  4000K .......... .......... .......... .......... .......... 19%  182M 0s
  4050K .......... .......... .......... .......... .......... 19%  166M 0s
  4100K .......... .......... .......... .......... .......... 19%  170M 0s
  4150K .......... .......... .......... .......... .......... 20%  167M 0s
  4200K .......... .......... .......... .......... .......... 20%  172M 0s
  4250K .......... .......... .......... .......... .......... 20%  132M 0s
  4300K .......... .......... .......... .......... .......... 20%  177M 0s
  4350K .......... .......... .......... .......... .......... 21%  180M 0s
  4400K .......... .......... .......... .......... .......... 21%  173M 0s
  4450K .......... .......... .......... .......... .......... 21%  165M 0s
  4500K .......... .......... .......... .......... .......... 21%  165M 0s
  4550K .......... .......... .......... .......... .......... 22%  183M 0s
  4600K .......... .......... .......... .......... .......... 22%  155M 0s
  4650K .......... .......... .......... .......... .......... 22%  131M 0s
  4700K .......... .......... .......... .......... .......... 22%  173M 0s
  4750K .......... .......... .......... .......... .......... 23%  165M 0s
  4800K .......... .......... .......... .......... .......... 23%  159M 0s
  4850K .......... .......... .......... .......... .......... 23%  163M 0s
  4900K .......... .......... .......... .......... .......... 23%  169M 0s
  4950K .......... .......... .......... .......... .......... 23%  182M 0s
  5000K .......... .......... .......... .......... .......... 24%  172M 0s
  5050K .......... .......... .......... .......... .......... 24%  120M 0s
  5100K .......... .......... .......... .......... .......... 24%  170M 0s
  5150K .......... .......... .......... .......... .......... 24%  175M 0s
  5200K .......... .......... .......... .......... .......... 25%  161M 0s
  5250K .......... .......... .......... .......... .......... 25%  157M 0s
  5300K .......... .......... .......... .......... .......... 25%  181M 0s
  5350K .......... .......... .......... .......... .......... 25%  159M 0s
  5400K .......... .......... .......... .......... .......... 26%  172M 0s
  5450K .......... .......... .......... .......... .......... 26%  137M 0s
  5500K .......... .......... .......... .......... .......... 26%  178M 0s
  5550K .......... .......... .......... .......... .......... 26%  175M 0s
  5600K .......... .......... .......... .......... .......... 27%  178M 0s
  5650K .......... .......... .......... .......... .......... 27%  151M 0s
  5700K .......... .......... .......... .......... .......... 27%  173M 0s
  5750K .......... .......... .......... .......... .......... 27%  165M 0s
  5800K .......... .......... .......... .......... .......... 28%  173M 0s
  5850K .......... .......... .......... .......... .......... 28%  123M 0s
  5900K .......... .......... .......... .......... .......... 28%  149M 0s
  5950K .......... .......... .......... .......... .......... 28%  172M 0s
  6000K .......... .......... .......... .......... .......... 29%  172M 0s
  6050K .......... .......... .......... .......... .......... 29%  165M 0s
  6100K .......... .......... .......... .......... .......... 29%  183M 0s
  6150K .......... .......... .......... .......... .......... 29%  167M 0s
  6200K .......... .......... .......... .......... .......... 29%  163M 0s
  6250K .......... .......... .......... .......... .......... 30%  129M 0s
  6300K .......... .......... .......... .......... .......... 30%  182M 0s
  6350K .......... .......... .......... .......... .......... 30%  163M 0s
  6400K .......... .......... .......... .......... .......... 30%  171M 0s
  6450K .......... .......... .......... .......... .......... 31%  182M 0s
  6500K .......... .......... .......... .......... .......... 31%  183M 0s
  6550K .......... .......... .......... .......... .......... 31%  167M 0s
  6600K .......... .......... .......... .......... .......... 31%  204M 0s
  6650K .......... .......... .......... .......... .......... 32%  167M 0s
  6700K .......... .......... .......... .......... .......... 32%  225M 0s
  6750K .......... .......... .......... .......... .......... 32%  226M 0s
  6800K .......... .......... .......... .......... .......... 32%  216M 0s
  6850K .......... .......... .......... .......... .......... 33%  198M 0s
  6900K .......... .......... .......... .......... .......... 33%  214M 0s
  6950K .......... .......... .......... .......... .......... 33%  225M 0s
  7000K .......... .......... .......... .......... .......... 33%  202M 0s
  7050K .......... .......... .......... .......... .......... 34%  155M 0s
  7100K .......... .......... .......... .......... .......... 34%  212M 0s
  7150K .......... .......... .......... .......... .......... 34%  217M 0s
  7200K .......... .......... .......... .......... .......... 34%  202M 0s
  7250K .......... .......... .......... .......... .......... 35%  224M 0s
  7300K .......... .......... .......... .......... .......... 35%  215M 0s
  7350K .......... .......... .......... .......... .......... 35%  213M 0s
  7400K .......... .......... .......... .......... .......... 35%  205M 0s
  7450K .......... .......... .......... .......... .......... 35%  162M 0s
  7500K .......... .......... .......... .......... .......... 36%  225M 0s
  7550K .......... .......... .......... .......... .......... 36%  225M 0s
  7600K .......... .......... .......... .......... .......... 36%  204M 0s
  7650K .......... .......... .......... .......... .......... 36%  211M 0s
  7700K .......... .......... .......... .......... .......... 37%  228M 0s
  7750K .......... .......... .......... .......... .......... 37%  212M 0s
  7800K .......... .......... .......... .......... .......... 37%  223M 0s
  7850K .......... .......... .......... .......... .......... 37%  166M 0s
  7900K .......... .......... .......... .......... .......... 38%  221M 0s
  7950K .......... .......... .......... .......... .......... 38%  225M 0s
  8000K .......... .......... .......... .......... .......... 38%  219M 0s
  8050K .......... .......... .......... .......... .......... 38%  214M 0s
  8100K .......... .......... .......... .......... .......... 39%  227M 0s
  8150K .......... .......... .......... .......... .......... 39%  220M 0s
  8200K .......... .......... .......... .......... .......... 39%  224M 0s
  8250K .......... .......... .......... .......... .......... 39%  164M 0s
  8300K .......... .......... .......... .......... .......... 40%  224M 0s
  8350K .......... .......... .......... .......... .......... 40%  224M 0s
  8400K .......... .......... .......... .......... .......... 40%  227M 0s
  8450K .......... .......... .......... .......... .......... 40%  226M 0s
  8500K .......... .......... .......... .......... .......... 41%  218M 0s
  8550K .......... .......... .......... .......... .......... 41%  225M 0s
  8600K .......... .......... .......... .......... .......... 41%  224M 0s
  8650K .......... .......... .......... .......... .......... 41%  169M 0s
  8700K .......... .......... .......... .......... .......... 41%  211M 0s
  8750K .......... .......... .......... .......... .......... 42%  226M 0s
  8800K .......... .......... .......... .......... .......... 42%  225M 0s
  8850K .......... .......... .......... .......... .......... 42%  225M 0s
  8900K .......... .......... .......... .......... .......... 42%  229M 0s
  8950K .......... .......... .......... .......... .......... 43%  254M 0s
  9000K .......... .......... .......... .......... .......... 43%  426M 0s
  9050K .......... .......... .......... .......... .......... 43%  323M 0s
  9100K .......... .......... .......... .......... .......... 43%  407M 0s
  9150K .......... .......... .......... .......... .......... 44%  430M 0s
  9200K .......... .......... .......... .......... .......... 44%  423M 0s
  9250K .......... .......... .......... .......... .......... 44%  426M 0s
  9300K .......... .......... .......... .......... .......... 44%  414M 0s
  9350K .......... .......... .......... .......... .......... 45%  428M 0s
  9400K .......... .......... .......... .......... .......... 45%  431M 0s
  9450K .......... .......... .......... .......... .......... 45%  326M 0s
  9500K .......... .......... .......... .......... .......... 45%  428M 0s
  9550K .......... .......... .......... .......... .......... 46%  365M 0s
  9600K .......... .......... .......... .......... .......... 46%  410M 0s
  9650K .......... .......... .......... .......... .......... 46%  429M 0s
  9700K .......... .......... .......... .......... .......... 46%  416M 0s
  9750K .......... .......... .......... .......... .......... 47%  402M 0s
  9800K .......... .......... .......... .......... .......... 47%  430M 0s
  9850K .......... .......... .......... .......... .......... 47%  323M 0s
  9900K .......... .......... .......... .......... .......... 47%  426M 0s
  9950K .......... .......... .......... .......... .......... 47%  423M 0s
 10000K .......... .......... .......... .......... .......... 48%  436M 0s
 10050K .......... .......... .......... .......... .......... 48%  432M 0s
 10100K .......... .......... .......... .......... .......... 48%  418M 0s
 10150K .......... .......... .......... .......... .......... 48%  407M 0s
 10200K .......... .......... .......... .......... .......... 49%  180K 0s
 10250K .......... .......... .......... .......... .......... 49%  188M 0s
 10300K .......... .......... .......... .......... .......... 49%  306M 0s
 10350K .......... .......... .......... .......... .......... 49% 89.1M 0s
 10400K .......... .......... .......... .......... .......... 50% 68.3M 0s
 10450K .......... .......... .......... .......... .......... 50% 91.4M 0s
 10500K .......... .......... .......... .......... .......... 50%  183M 0s
 10550K .......... .......... .......... .......... .......... 50%  119M 0s
 10600K .......... .......... .......... .......... .......... 51%  153M 0s
 10650K .......... .......... .......... .......... .......... 51%  145M 0s
 10700K .......... .......... .......... .......... .......... 51%  107M 0s
 10750K .......... .......... .......... .......... .......... 51%  145M 0s
 10800K .......... .......... .......... .......... .......... 52%  142M 0s
 10850K .......... .......... .......... .......... .......... 52%  150M 0s
 10900K .......... .......... .......... .......... .......... 52%  176M 0s
 10950K .......... .......... .......... .......... .......... 52%  177M 0s
 11000K .......... .......... .......... .......... .......... 53%  166M 0s
 11050K .......... .......... .......... .......... .......... 53%  175M 0s
 11100K .......... .......... .......... .......... .......... 53%  175M 0s
 11150K .......... .......... .......... .......... .......... 53%  131M 0s
 11200K .......... .......... .......... .......... .......... 53%  150M 0s
 11250K .......... .......... .......... .......... .......... 54%  159M 0s
 11300K .......... .......... .......... .......... .......... 54%  173M 0s
 11350K .......... .......... .......... .......... .......... 54%  173M 0s
 11400K .......... .......... .......... .......... .......... 54%  139M 0s
 11450K .......... .......... .......... .......... .......... 55%  167M 0s
 11500K .......... .......... .......... .......... .......... 55%  179M 0s
 11550K .......... .......... .......... .......... .......... 55%  182M 0s
 11600K .......... .......... .......... .......... .......... 55%  154M 0s
 11650K .......... .......... .......... .......... .......... 56%  148M 0s
 11700K .......... .......... .......... .......... .......... 56%  182M 0s
 11750K .......... .......... .......... .......... .......... 56%  153M 0s
 11800K .......... .......... .......... .......... .......... 56%  154M 0s
 11850K .......... .......... .......... .......... .......... 57%  126M 0s
 11900K .......... .......... .......... .......... .......... 57%  173M 0s
 11950K .......... .......... .......... .......... .......... 57%  176M 0s
 12000K .......... .......... .......... .......... .......... 57%  167M 0s
 12050K .......... .......... .......... .......... .......... 58%  152M 0s
 12100K .......... .......... .......... .......... .......... 58%  178M 0s
 12150K .......... .......... .......... .......... .......... 58%  175M 0s
 12200K .......... .......... .......... .......... .......... 58%  175M 0s
 12250K .......... .......... .......... .......... .......... 59%  177M 0s
 12300K .......... .......... .......... .......... .......... 59%  171M 0s
 12350K .......... .......... .......... .......... .......... 59%  125M 0s
 12400K .......... .......... .......... .......... .......... 59%  145M 0s
 12450K .......... .......... .......... .......... .......... 59%  159M 0s
 12500K .......... .......... .......... .......... .......... 60%  174M 0s
 12550K .......... .......... .......... .......... .......... 60%  176M 0s
 12600K .......... .......... .......... .......... .......... 60%  147M 0s
 12650K .......... .......... .......... .......... .......... 60%  171M 0s
 12700K .......... .......... .......... .......... .......... 61%  176M 0s
 12750K .......... .......... .......... .......... .......... 61%  149M 0s
 12800K .......... .......... .......... .......... .......... 61%  128M 0s
 12850K .......... .......... .......... .......... .......... 61%  170M 0s
 12900K .......... .......... .......... .......... .......... 62%  158M 0s
 12950K .......... .......... .......... .......... .......... 62%  152M 0s
 13000K .......... .......... .......... .......... .......... 62%  173M 0s
 13050K .......... .......... .......... .......... .......... 62%  158M 0s
 13100K .......... .......... .......... .......... .......... 63%  123M 0s
 13150K .......... .......... .......... .......... .......... 63%  176M 0s
 13200K .......... .......... .......... .......... .......... 63%  174M 0s
 13250K .......... .......... .......... .......... .......... 63%  172M 0s
 13300K .......... .......... .......... .......... .......... 64%  170M 0s
 13350K .......... .......... .......... .......... .......... 64%  176M 0s
 13400K .......... .......... .......... .......... .......... 64%  179M 0s
 13450K .......... .......... .......... .......... .......... 64%  168M 0s
 13500K .......... .......... .......... .......... .......... 65%  117M 0s
 13550K .......... .......... .......... .......... .......... 65%  138M 0s
 13600K .......... .......... .......... .......... .......... 65%  168M 0s
 13650K .......... .......... .......... .......... .......... 65%  177M 0s
 13700K .......... .......... .......... .......... .......... 65%  159M 0s
 13750K .......... .......... .......... .......... .......... 66%  152M 0s
 13800K .......... .......... .......... .......... .......... 66%  176M 0s
 13850K .......... .......... .......... .......... .......... 66%  165M 0s
 13900K .......... .......... .......... .......... .......... 66%  166M 0s
 13950K .......... .......... .......... .......... .......... 67%  130M 0s
 14000K .......... .......... .......... .......... .......... 67%  174M 0s
 14050K .......... .......... .......... .......... .......... 67%  169M 0s
 14100K .......... .......... .......... .......... .......... 67%  157M 0s
 14150K .......... .......... .......... .......... .......... 68%  165M 0s
 14200K .......... .......... .......... .......... .......... 68%  168M 0s
 14250K .......... .......... .......... .......... .......... 68%  158M 0s
 14300K .......... .......... .......... .......... .......... 68%  177M 0s
 14350K .......... .......... .......... .......... .......... 69%  133M 0s
 14400K .......... .......... .......... .......... .......... 69%  169M 0s
 14450K .......... .......... .......... .......... .......... 69%  172M 0s
 14500K .......... .......... .......... .......... .......... 69%  176M 0s
 14550K .......... .......... .......... .......... .......... 70%  178M 0s
 14600K .......... .......... .......... .......... .......... 70%  168M 0s
 14650K .......... .......... .......... .......... .......... 70%  164M 0s
 14700K .......... .......... .......... .......... .......... 70%  136M 0s
 14750K .......... .......... .......... .......... .......... 71%  119M 0s
 14800K .......... .......... .......... .......... .......... 71%  174M 0s
 14850K .......... .......... .......... .......... .......... 71%  164M 0s
 14900K .......... .......... .......... .......... .......... 71%  156M 0s
 14950K .......... .......... .......... .......... .......... 71%  174M 0s
 15000K .......... .......... .......... .......... .......... 72%  155M 0s
 15050K .......... .......... .......... .......... .......... 72%  154M 0s
 15100K .......... .......... .......... .......... .......... 72%  170M 0s
 15150K .......... .......... .......... .......... .......... 72%  124M 0s
 15200K .......... .......... .......... .......... .......... 73%  172M 0s
 15250K .......... .......... .......... .......... .......... 73%  175M 0s
 15300K .......... .......... .......... .......... .......... 73%  157M 0s
 15350K .......... .......... .......... .......... .......... 73%  167M 0s
 15400K .......... .......... .......... .......... .......... 74%  167M 0s
 15450K .......... .......... .......... .......... .......... 74%  175M 0s
 15500K .......... .......... .......... .......... .......... 74%  176M 0s
 15550K .......... .......... .......... .......... .......... 74%  129M 0s
 15600K .......... .......... .......... .......... .......... 75%  174M 0s
 15650K .......... .......... .......... .......... .......... 75%  174M 0s
 15700K .......... .......... .......... .......... .......... 75%  175M 0s
 15750K .......... .......... .......... .......... .......... 75%  167M 0s
 15800K .......... .......... .......... .......... .......... 76%  144M 0s
 15850K .......... .......... .......... .......... .......... 76%  154M 0s
 15900K .......... .......... .......... .......... .......... 76%  151M 0s
 15950K .......... .......... .......... .......... .......... 76%  122M 0s
 16000K .......... .......... .......... .......... .......... 76%  155M 0s
 16050K .......... .......... .......... .......... .......... 77%  165M 0s
 16100K .......... .......... .......... .......... .......... 77%  178M 0s
 16150K .......... .......... .......... .......... .......... 77%  169M 0s
 16200K .......... .......... .......... .......... .......... 77%  146M 0s
 16250K .......... .......... .......... .......... .......... 78%  175M 0s
 16300K .......... .......... .......... .......... .......... 78%  159M 0s
 16350K .......... .......... .......... .......... .......... 78%  128M 0s
 16400K .......... .......... .......... .......... .......... 78%  157M 0s
 16450K .......... .......... .......... .......... .......... 79%  159M 0s
 16500K .......... .......... .......... .......... .......... 79% 97.7M 0s
 16550K .......... .......... .......... .......... .......... 79%  176M 0s
 16600K .......... .......... .......... .......... .......... 79%  188M 0s
 16650K .......... .......... .......... .......... .......... 80%  210M 0s
 16700K .......... .......... .......... .......... .......... 80%  215M 0s
 16750K .......... .......... .......... .......... .......... 80%  166M 0s
 16800K .......... .......... .......... .......... .......... 80%  216M 0s
 16850K .......... .......... .......... .......... .......... 81%  217M 0s
 16900K .......... .......... .......... .......... .......... 81%  185M 0s
 16950K .......... .......... .......... .......... .......... 81%  178M 0s
 17000K .......... .......... .......... .......... .......... 81%  202M 0s
 17050K .......... .......... .......... .......... .......... 82%  228M 0s
 17100K .......... .......... .......... .......... .......... 82%  201M 0s
 17150K .......... .......... .......... .......... .......... 82%  220M 0s
 17200K .......... .......... .......... .......... .......... 82%  157M 0s
 17250K .......... .......... .......... .......... .......... 82%  248M 0s
 17300K .......... .......... .......... .......... .......... 83%  159M 0s
 17350K .......... .......... .......... .......... .......... 83%  203M 0s
 17400K .......... .......... .......... .......... .......... 83%  208M 0s
 17450K .......... .......... .......... .......... .......... 83%  218M 0s
 17500K .......... .......... .......... .......... .......... 84%  186M 0s
 17550K .......... .......... .......... .......... .......... 84%  202M 0s
 17600K .......... .......... .......... .......... .......... 84%  187M 0s
 17650K .......... .......... .......... .......... .......... 84%  181M 0s
 17700K .......... .......... .......... .......... .......... 85%  192M 0s
 17750K .......... .......... .......... .......... .......... 85%  212M 0s
 17800K .......... .......... .......... .......... .......... 85%  204M 0s
 17850K .......... .......... .......... .......... .......... 85%  212M 0s
 17900K .......... .......... .......... .......... .......... 86%  156M 0s
 17950K .......... .......... .......... .......... .......... 86%  215M 0s
 18000K .......... .......... .......... .......... .......... 86%  201M 0s
 18050K .......... .......... .......... .......... .......... 86%  217M 0s
 18100K .......... .......... .......... .......... .......... 87%  207M 0s
 18150K .......... .......... .......... .......... .......... 87%  218M 0s
 18200K .......... .......... .......... .......... .......... 87%  215M 0s
 18250K .......... .......... .......... .......... .......... 87%  221M 0s
 18300K .......... .......... .......... .......... .......... 88%  208M 0s
 18350K .......... .......... .......... .......... .......... 88%  164M 0s
 18400K .......... .......... .......... .......... .......... 88%  212M 0s
 18450K .......... .......... .......... .......... .......... 88%  218M 0s
 18500K .......... .......... .......... .......... .......... 88%  201M 0s
 18550K .......... .......... .......... .......... .......... 89%  220M 0s
 18600K .......... .......... .......... .......... .......... 89%  170M 0s
 18650K .......... .......... .......... .......... .......... 89%  265M 0s
 18700K .......... .......... .......... .......... .......... 89%  154M 0s
 18750K .......... .......... .......... .......... .......... 90%  215M 0s
 18800K .......... .......... .......... .......... .......... 90%  219M 0s
 18850K .......... .......... .......... .......... .......... 90%  307M 0s
 18900K .......... .......... .......... .......... .......... 90%  412M 0s
 18950K .......... .......... .......... .......... .......... 91%  409M 0s
 19000K .......... .......... .......... .......... .......... 91%  374M 0s
 19050K .......... .......... .......... .......... .......... 91%  412M 0s
 19100K .......... .......... .......... .......... .......... 91%  311M 0s
 19150K .......... .......... .......... .......... .......... 92%  413M 0s
 19200K .......... .......... .......... .......... .......... 92%  413M 0s
 19250K .......... .......... .......... .......... .......... 92%  409M 0s
 19300K .......... .......... .......... .......... .......... 92%  310M 0s
 19350K .......... .......... .......... .......... .......... 93%  431M 0s
 19400K .......... .......... .......... .......... .......... 93%  399M 0s
 19450K .......... .......... .......... .......... .......... 93%  351M 0s
 19500K .......... .......... .......... .......... .......... 93%  420M 0s
 19550K .......... .......... .......... .......... .......... 94%  423M 0s
 19600K .......... .......... .......... .......... .......... 94%  424M 0s
 19650K .......... .......... .......... .......... .......... 94%  416M 0s
 19700K .......... .......... .......... .......... .......... 94%  419M 0s
 19750K .......... .......... .......... .......... .......... 94%  421M 0s
 19800K .......... .......... .......... .......... .......... 95%  292M 0s
 19850K .......... .......... .......... .......... .......... 95%  440M 0s
 19900K .......... .......... .......... .......... .......... 95%  349M 0s
 19950K .......... .......... .......... .......... .......... 95%  404M 0s
 20000K .......... .......... .......... .......... .......... 96%  414M 0s
 20050K .......... .......... .......... .......... .......... 96%  406M 0s
 20100K .......... .......... .......... .......... .......... 96%  415M 0s
 20150K .......... .......... .......... .......... .......... 96%  420M 0s
 20200K .......... .......... .......... .......... .......... 97%  380M 0s
 20250K .......... .......... .......... .......... .......... 97%  325M 0s
 20300K .......... .......... .......... .......... .......... 97%  408M 0s
 20350K .......... .......... .......... .......... .......... 97%  405M 0s
 20400K .......... .......... .......... .......... .......... 98%  345M 0s
 20450K .......... .......... .......... .......... .......... 98%  184K 0s
 20500K .......... .......... .......... .......... .......... 98%  157M 0s
 20550K .......... .......... .......... .......... .......... 98%  139M 0s
 20600K .......... .......... .......... .......... .......... 99%  256M 0s
 20650K .......... .......... .......... .......... .......... 99%  364M 0s
 20700K .......... .......... .......... .......... .......... 99%  292M 0s
 20750K .......... .......... .......... .......... .......... 99%  406M 0s
 20800K .......... .......... .......... .......... ....      100%  527M=0.7s

      ✓ rife49.pth fetched
      ✓ sam2.1_hiera_base_plus-fp16.safetensors present


[10/14] Workflow
      ✓ OFMTech_NSFW.json installed
      open ComfyUI and it will be in the workflow list


[11/14] Integrity check
      ✓ all sized files match the manifest


[12/14] ViTPose GPU inference check
      providers: ['CUDAExecutionProvider', 'CPUExecutionProvider']
      OK — pose detection will run on the GPU


[13/14] Workflow node check
      ✓ all 40 node types found on disk (static check of the installed packs)


[14/14] ComfyUI restart
      ComfyUI expected on port 31951
      ✓ ComfyUI is not running — the new nodes will register when you start it

==========================================================
  AIOFM · OFM Tech NSFW — setup done
==========================================================
  profile        : all
  time           : 1m 24s
  downloaded     : nothing — everything was already on disk
  models total   : 178.8 GB in 87 files
  free space     : 203G
  integrity      : OK
  comfyui core   : 0.15.1 validated
  workflow nodes : all packs present — verified on first start
  node versions  : pinned
  frontend       : pinned 1.39.19
  comfyui        : not running — nodes load on next start
  log            : /workspace/setup.log
==========================================================
  Options:
   PROFILE=video   — only pull the Wan video models
   PIN_NODES=0     — track each node repo's default branch instead of
                     the pinned commits (pinned is the default)
   SAGE_INSTALL=0  — skip SageAttention
   FIX_ORT=0       — leave onnxruntime alone
   PIN_FRONTEND=0  — keep the pod image's ComfyUI frontend instead of
                     1.39.19 (subgraph widgets are version-sensitive)
   HF_WORKERS=N    — set the worker count manually
==========================================================
--> installer exit 0 after 85s
