workflow        /workspace/comfy-d-gate/user/default/workflows/OFMTech_NSFW.json
                sha256 a811b5d690ccc5207bc7bd1c626cdd3db3b720b9be60d0a687436efcfd2143d8
object_info     1935 node types registered on the server
boot            6237 ms   15 console/page error(s) before any workflow was opened
open workflow   4521 ms   from the Workflows sidebar   title="OFMTech_NSFW - ComfyUI"
node audit      110 nodes across root + every subgraph, 59 distinct types
                frontend registered_node_types: 1965
                node types NOT registered in the frontend (= red nodes): 0
                node types absent from /object_info (excl. 7 subgraph hosts): 1
                  ABSENT   MarkdownNote
                nodes flagged has_errors: 0
                modal dialogs on screen: 0
                error toasts on screen: 0
minimap         hidden for the canvas screenshots (was false) so it cannot cover a node
fit view        scale=0.2253  framing 17 root-level nodes  canvas=1920,1018
screenshot      /workspace/nsfw-fix/results/gate2/stage2-realprompt-render-01-workflow-open-full-canvas.png  (95862 B)  — OFMTech_NSFW opened from the workflow list; 110 nodes, 0 red, 0 dialogs
prompt          typed into the RPG panel on #483 and committed on blur
                textarea now : "photorealistic full body photograph of a young woman with long dark hair standing on a hot"...
                node widget  : prompt_batch_data[0].positive_prompt = "photorealistic full body photograph of a young woman with long dark hair standing on a hot"...
screenshot      /workspace/nsfw-fix/results/gate2/stage2-realprompt-render-02-prompt-entered.png  (235462 B)  — the prompt typed into the panel on #483 "1 · YOUR PROMPTS & SEED"
lora            #618 SDXL stack: lora_01 = "lunaskye.safetensors"  (clicked in the widget's own menu)
lora            #116 Z-Image stack: lora_01 = "luna.safetensors"  (clicked in the widget's own menu)
screenshot      /workspace/nsfw-fix/results/gate2/stage2-realprompt-render-03-both-lora-stacks.png  (220540 B)  — #618 lora_01=lunaskye.safetensors  #116 lora_01=luna.safetensors  (both read back from the graph; #483 collapsed=true for this frame only)
panel           #483 collapsed for the LoRA frame, restored afterwards (collapsed now: false; prompt panel visible again: false)
face prompt     #620 as shipped: collapsed=true  (the buyer must expand it to reach #106)
screenshot      /workspace/nsfw-fix/results/gate2/stage2-realprompt-render-04-face-host-collapsed.png  (245719 B)  — #620 "5 · Face & Mouth Detail" as the workflow ships it — collapsed=true, so #106 is not reachable yet
face prompt     clicked the collapse box in #620's title bar; collapsed is now false
screenshot      /workspace/nsfw-fix/results/gate2/stage2-realprompt-render-05-face-host-expanded.png  (237710 B)  — #620 expanded; its promoted widgets, including "106: text" — #106's own text widget
face prompt     "106: text" is a customtext DOM widget, visible=true, rect=[675,667,616,42]
                value as shipped: "TRIGGER, PROMPT FOR YOUR MODEL"
face prompt     read back from the host widget  : "luna, a young woman with light freckles across her nose and cheeks, natural skin"...
face prompt     read back from #106 CLIPTextEncode "Face Detailer Prompt" inside "5. Face & Mouth Detail (Z-Image)":
                                                  "luna, a young woman with light freckles across her nose and cheeks, natural skin"...
                promoted widget and #106's widget are the same object: false
screenshot      /workspace/nsfw-fix/results/gate2/stage2-realprompt-render-06-face-prompt-entered-on-host.png  (239672 B)  — typed into "106: text" on #620 and read back out of #106: "luna, a young woman with light freckles across her nose and cheeks, natural skin texture with visible pores, d…"
face prompt     entered via: title-button click (the UI affordance)
face prompt     entered the subgraph: isRoot=false, "5. Face & Mouth Detail (Z-Image)", 13 nodes, breadcrumb=["OFMTech_NSFW","5. Face & Mouth Detail (Z-Image)"]
face prompt     framed #106 inside the subgraph (scale 1.000)
screenshot      /workspace/nsfw-fix/results/gate2/stage2-realprompt-render-07-face-prompt-on-node-106.png  (400937 B)  — #106 "Face Detailer Prompt" inside "5. Face & Mouth Detail (Z-Image)", carrying: "luna, a young woman with light freckles across her nose and cheeks, natural skin texture with visible pores, d…"
face prompt     back out via the breadcrumb: isRoot=true
press Run       the real Run button, label="Run"
prompt accepted HTTP 200  prompt_id=50c17fed-d067-4e54-b52c-328eb7dcc001  api graph 88 nodes  (1034 ms after the click)
screenshot      /workspace/nsfw-fix/results/gate2/stage2-realprompt-render-08-run-submitted.png  (100522 B)  — prompt 50c17fed-d067-4e54-b52c-328eb7dcc001 accepted, 88-node API graph
  ...waiting    0s   ours_running=true  last node: "620:110"
  ...waiting    61s   ours_running=true  last node: "619:607"
  ...waiting    121s   ours_running=true  last node: "619:617"
screenshot      /workspace/nsfw-fix/results/gate2/stage2-realprompt-render-09-selector-popup.png  (873008 B)  — #603 INSTARAW_ImageFilter paused the render with 1 image(s) — the buyer must choose
  selector      1 image(s); Send on open=true, after clicking #0=false, after clicking it again=true
screenshot      /workspace/nsfw-fix/results/gate2/stage2-realprompt-render-10-selector-image-picked.png  (874764 B)  — image #0 of 1 selected; Send enabled
  selector      Send pressed at 163s into the render
  ...waiting    182s   ours_running=true  last node: "587:92"
  ...waiting    243s   ours_running=true  last node: "587:98"
  ...waiting    304s   ours_running=true  last node: "587:98"
  ...waiting    364s   ours_running=true  last node: "587:98"
  ...waiting    425s   ours_running=true  last node: "620:114"
render          454s wall (queue included)
  output        OK   /workspace/comfy-d-gate/output/Instaraw/SDXL/Metadata/HasMetadata_00003_.png  11143653 B  [node 505]
screenshot      /workspace/nsfw-fix/results/gate2/stage2-realprompt-render-11-render-complete.png  (250981 B)  — the moment the render finished, as the buyer sees it
screenshot      /workspace/nsfw-fix/results/gate2/stage2-realprompt-render-12-final-image-on-canvas.png  (558317 B)  — the finished image on #505 "YOUR IMAGE — saved to output/Instaraw/"
screenshot      /workspace/nsfw-fix/results/gate2/stage2-realprompt-render-13-final-image-feed.png  (555320 B)  — the finished image in the ComfyUI image feed
page errors     15 during boot, 7 after the workflow was opened
                  console.error: Failed to load resource: the server responded with a status of 404 (Not Found)
                  console.error: Failed to load resource: the server responded with a status of 404 (Not Found)
                  console.error: Failed to load resource: the server responded with a status of 404 (Not Found)
                  console.error: Failed to load resource: the server responded with a status of 404 (Not Found)
                  console.error: Failed to load resource: the server responded with a status of 404 (Not Found)
                  console.error: Failed to load resource: the server responded with a status of 404 (Not Found)
                  console.error: Failed to load resource: the server responded with a status of 404 (Not Found)
